../Core/Src/lcd16x2_i2c.c:20:13:lcd16x2_i2c_sendCommand	32	static
../Core/Src/lcd16x2_i2c.c:34:13:lcd16x2_i2c_sendData	32	static
../Core/Src/lcd16x2_i2c.c:53:6:lcd16x2_i2c_init	16	static
../Core/Src/lcd16x2_i2c.c:104:6:lcd16x2_i2c_setCursor	24	static
../Core/Src/lcd16x2_i2c.c:123:6:lcd16x2_i2c_1stLine	8	static
../Core/Src/lcd16x2_i2c.c:130:6:lcd16x2_i2c_2ndLine	8	static
../Core/Src/lcd16x2_i2c.c:138:6:lcd16x2_i2c_TwoLines	8	static
../Core/Src/lcd16x2_i2c.c:142:6:lcd16x2_i2c_OneLine	8	static
../Core/Src/lcd16x2_i2c.c:150:6:lcd16x2_i2c_cursorShow	16	static
../Core/Src/lcd16x2_i2c.c:165:6:lcd16x2_i2c_clear	8	static
../Core/Src/lcd16x2_i2c.c:174:6:lcd16x2_i2c_display	16	static
../Core/Src/lcd16x2_i2c.c:189:6:lcd16x2_i2c_shiftRight	24	static
../Core/Src/lcd16x2_i2c.c:200:6:lcd16x2_i2c_shiftLeft	24	static
../Core/Src/lcd16x2_i2c.c:211:6:lcd16x2_i2c_printf	48	static
